~/workspace$ git status
git add -A
git commit -m "chore: commit changes from replit"
On branch replit-agent
Your branch is up to date with 'origin/replit-agent'.

Changes to be committed:
  (use "git restore --staged <file>..." to unstage)
    new file:   attached_assets/Pasted-viniciussteigleder-MacBookPro-RitualFin-replit-cd-Ritua_1767699492351.txt

[replit-agent fe66998] chore: commit changes from replit
 1 file changed, 44 insertions(+)
 create mode 100644 attached_assets/Pasted-viniciussteigleder-MacBookPro-RitualFin-replit-cd-Ritua_1767699492351.txt
~/workspace$ git fetch --all --prune
git branch -a
From https://github.com/Viniciussteigleder/RitualFin_replit
 - [deleted]         (none)     -> origin/codex/next-10-workpackages
  codex/next-10-workpackages
  main
* replit-agent
  remotes/gitsafe-backup/main
  remotes/origin/HEAD -> origin/main
  remotes/origin/claude/implement-user-feedback-OkKW8
  remotes/origin/claude/plan-open-ui-ux-ARikK
  remotes/origin/main
  remotes/origin/replit-agent
~/workspace$ git checkout main || git checkout -b main origin/main
git pull origin main
Switched to branch 'main'
Your branch is up to date with 'gitsafe-backup/main'.
From https://github.com/Viniciussteigleder/RitualFin_replit
 * branch            main       -> FETCH_HEAD
hint: You have divergent branches and need to specify how to reconcile them.
hint: You can do so by running one of the following commands sometime before
hint: your next pull:
hint:
hint:   git config pull.rebase false  # merge
hint:   git config pull.rebase true   # rebase
hint:   git config pull.ff only       # fast-forward only
hint:
hint: You can replace "git config" with "git config --global" to set a default
hint: preference for all repositories. You can also pass --rebase, --no-rebase,
hint: or --ff-only on the command line to override the configured default per
hint: invocation.
fatal: Need to specify how to reconcile divergent branches.
~/workspace$ git checkout main
git branch -vv
git branch -u origin/main main
git pull --ff-only origin main
Already on 'main'
Your branch is up to date with 'gitsafe-backup/main'.
  codex/next-10-workpackages c02b553 [origin/codex/next-10-workpackages: gone] docs(codex): Add next 10 work packages for autonomous execution
* main                       3453255 [gitsafe-backup/main] Update deployment instructions and address Git synchronization issues
  replit-agent               fe66998 [origin/replit-agent: ahead 1] chore: commit changes from replit
branch 'main' set up to track 'origin/main'.
From https://github.com/Viniciussteigleder/RitualFin_replit
 * branch            main       -> FETCH_HEAD
hint: Diverging branches can't be fast-forwarded, you need to either:
hint:
hint:   git merge --no-ff
hint:
hint: or:
hint:
hint:   git rebase
hint:
hint: Disable this message with "git config set advice.diverging false"
fatal: Not possible to fast-forward, aborting.
~/workspace$ git checkout main
git fetch origin
git rebase origin/main
Already on 'main'
Your branch and 'origin/main' have diverged,
and have 17 and 235 different commits each, respectively.
  (use "git pull" if you want to integrate the remote branch with yours)
Auto-merging client/src/pages/ai-keywords.tsx
CONFLICT (content): Merge conflict in client/src/pages/ai-keywords.tsx
Auto-merging client/src/pages/dashboard.tsx
CONFLICT (content): Merge conflict in client/src/pages/dashboard.tsx
error: could not apply 096cef8... feat: Complete UI enhancements - A3 modal and 3-level AI categorization
hint: Resolve all conflicts manually, mark them as resolved with
hint: "git add/rm <conflicted_files>", then run "git rebase --continue".
hint: You can instead skip this commit: run "git rebase --skip".
hint: To abort and get back to the state before "git rebase", run "git rebase --abort".
hint: Disable this message with "git config set advice.mergeConflict false"
Could not apply 096cef8... # feat: Complete UI enhancements - A3 modal and 3-level AI categorization
~/workspace$ git status
interactive rebase in progress; onto 1278e04
Last command done (1 command done):
   pick 096cef8 # feat: Complete UI enhancements - A3 modal and 3-level AI categorization
Next commands to do (16 remaining commands):
   pick 9681500 # Improve CSV file upload by handling different text encodings correctly
   pick 3134ab6 # Improve file upload encoding detection for German bank data
  (use "git rebase --edit-todo" to view and edit)
You are currently rebasing branch 'main' on '1278e04'.
  (fix conflicts and then run "git rebase --continue")
  (use "git rebase --skip" to skip this patch)
  (use "git rebase --abort" to check out the original branch)

Unmerged paths:
  (use "git restore --staged <file>..." to unstage)
  (use "git add <file>..." to mark resolution)
    both modified:   client/src/pages/ai-keywords.tsx
    both modified:   client/src/pages/dashboard.tsx

no changes added to commit (use "git add" and/or "git commit -a")
~/workspace$